// Jest Snapshot v1, https://goo.gl/fbAQLP

exports[`Splash should render splash screen correctly 1`] = `
<View
  style={
    Object {
      "alignItems": "center",
      "backgroundColor": "#ffffff",
      "flex": 1,
      "justifyContent": "center",
    }
  }
>
  <Image
    resizeMode="contain"
    source={
      Object {
        "testUri": "../../../src/assets/images/logo.png",
      }
    }
    style={
      Object {
        "height": 250,
        "width": 250,
      }
    }
  />
</View>
`;
